Model: ATA VBOX HARDDISK (scsi)
Disk /dev/sdc: 48.3GB
Sector size (logical/physical): 512B/512B
Partition Table: gpt
Disk Flags: 

Number  Start   End     Size    File system  Name     Flags
 1      1049kB  247MB   246MB                primary
 2      247MB   300MB   52.4MB               primary
 3      300MB   430MB   130MB                primary
 4      430MB   533MB   103MB                primary
 5      533MB   627MB   94.4MB               primary
 6      627MB   873MB   246MB                primary
 7      873MB   1026MB  152MB                primary
 8      1026MB  1196MB  171MB                primary
 9      1196MB  1384MB  188MB                primary
10      1384MB  1528MB  144MB                primary
11      1528MB  1645MB  117MB                primary
12      1645MB  1844MB  199MB                primary
13      1844MB  2053MB  209MB                primary
14      2053MB  2115MB  61.9MB               primary
15      2115MB  2286MB  171MB                primary
16      2286MB  2486MB  200MB                primary
17      2486MB  2697MB  211MB                primary
18      2697MB  2865MB  168MB                primary
19      2865MB  3030MB  166MB                primary
20      3030MB  3149MB  118MB                primary
21      3149MB  3287MB  138MB                primary
22      3287MB  3467MB  179MB                primary
23      3467MB  3661MB  194MB                primary
24      3661MB  3823MB  163MB                primary
25      3823MB  4007MB  184MB                primary
26      4007MB  4162MB  155MB                primary
27      4162MB  4231MB  69.2MB               primary
28      4231MB  4322MB  91.2MB               primary
29      4322MB  4413MB  91.2MB               primary
30      4413MB  4665MB  252MB                primary
31      4665MB  4855MB  190MB                primary
32      4855MB  4929MB  74.4MB               primary
33      4929MB  5068MB  138MB                primary
34      5068MB  5238MB  170MB                primary
35      5238MB  5323MB  84.9MB               primary
36      5323MB  5485MB  163MB                primary
37      5485MB  5652MB  167MB                primary
38      5652MB  5850MB  198MB                primary
39      5850MB  6040MB  190MB                primary
40      6040MB  6289MB  250MB                primary
41      6289MB  6343MB  53.5MB               primary
42      6343MB  6408MB  65.0MB               primary
43      6408MB  6650MB  242MB                primary
44      6650MB  6750MB  99.6MB               primary
45      6750MB  6883MB  133MB                primary
46      6883MB  7064MB  181MB                primary
47      7064MB  7271MB  207MB                primary
48      7271MB  7370MB  99.6MB               primary
49      7370MB  7465MB  94.4MB               primary
50      7465MB  7555MB  90.2MB               primary
51      7555MB  7799MB  244MB                primary
52      7799MB  7953MB  154MB                primary
53      7953MB  8024MB  70.3MB               primary
54      8024MB  8172MB  148MB                primary
55      8172MB  8248MB  76.5MB               primary
56      8248MB  8417MB  169MB                primary
57      8417MB  8663MB  246MB                primary
58      8663MB  8789MB  126MB                primary
59      8789MB  8973MB  184MB                primary
60      8973MB  9139MB  167MB                primary
61      9139MB  9264MB  125MB                primary
62      9264MB  9377MB  113MB                primary
63      9377MB  9498MB  121MB                primary
64      9498MB  9745MB  247MB                primary
65      9745MB  9997MB  252MB                primary
66      9997MB  10.2GB  176MB                primary
67      10.2GB  10.4GB  259MB                primary
68      10.4GB  10.7GB  218MB                primary
69      10.7GB  10.9GB  229MB                primary
70      10.9GB  11.1GB  240MB                primary
71      11.1GB  11.2GB  88.1MB               primary
72      11.2GB  11.4GB  153MB                primary
73      11.4GB  11.5GB  148MB                primary
74      11.5GB  11.7GB  165MB                primary
75      11.7GB  11.8GB  92.3MB               primary
76      11.8GB  11.9GB  174MB                primary
77      11.9GB  12.2GB  247MB                primary
78      12.2GB  12.3GB  89.1MB               primary
79      12.3GB  12.4GB  86.0MB               primary
80      12.4GB  12.6GB  194MB                primary
81      12.6GB  12.6GB  88.1MB               primary
82      12.6GB  12.8GB  152MB                primary
83      12.8GB  12.9GB  105MB                primary
84      12.9GB  13.0GB  83.9MB               primary
85      13.0GB  13.1GB  139MB                primary
86      13.1GB  13.2GB  78.6MB               primary
87      13.2GB  13.3GB  138MB                primary
88      13.3GB  13.5GB  114MB                primary
89      13.5GB  13.7GB  257MB                primary
90      13.7GB  13.9GB  187MB                primary
91      13.9GB  14.1GB  237MB                primary
92      14.1GB  14.3GB  198MB                primary
93      14.3GB  14.6GB  224MB                primary
94      14.6GB  14.7GB  120MB                primary
95      14.7GB  14.9GB  214MB                primary
96      14.9GB  15.1GB  226MB                primary
97      15.1GB  15.2GB  106MB                primary
98      15.2GB  15.3GB  97.5MB               primary
99      15.3GB  15.4GB  111MB                primary
100     15.4GB  15.6GB  147MB                primary
101     15.6GB  15.7GB  81.8MB               primary
102     15.7GB  15.8GB  151MB                primary
103     15.8GB  16.0GB  144MB                primary
104     16.0GB  16.1GB  98.6MB               primary
105     16.1GB  16.3GB  236MB                primary
106     16.3GB  16.5GB  188MB                primary
107     16.5GB  16.6GB  90.2MB               primary
108     16.6GB  16.8GB  261MB                primary
109     16.8GB  16.9GB  53.5MB               primary
110     16.9GB  17.0GB  144MB                primary
111     17.0GB  17.2GB  187MB                primary
112     17.2GB  17.3GB  120MB                primary
113     17.3GB  17.5GB  158MB                primary
114     17.5GB  17.6GB  139MB                primary
115     17.6GB  17.9GB  257MB                primary
116     17.9GB  18.0GB  124MB                primary
117     18.0GB  18.2GB  181MB                primary
118     18.2GB  18.3GB  138MB                primary
119     18.3GB  18.4GB  102MB                primary
120     18.4GB  18.6GB  181MB                primary
121     18.6GB  18.8GB  154MB                primary
122     18.8GB  18.9GB  113MB                primary
123     18.9GB  18.9GB  57.7MB               primary
124     18.9GB  19.1GB  142MB                primary
125     19.1GB  19.1GB  57.7MB               primary
126     19.1GB  19.3GB  128MB                primary
127     19.3GB  19.4GB  150MB                primary
128     19.4GB  19.6GB  138MB                primary

