Disk /dev/sdb: 45 GiB, 48318382080 bytes, 94371840 sectors
Disk model: VBOX HARDDISK   
Units: sectors of 1 * 512 = 512 bytes
Sector size (logical/physical): 512 bytes / 512 bytes
I/O size (minimum/optimal): 512 bytes / 512 bytes
Disklabel type: gpt
Disk identifier: C3AE46C8-156B-4622-91D2-5F1D5275366E

Device         Start      End Sectors  Size Type
/dev/sdb1       2048   339967  337920  165M Linux filesystem
/dev/sdb2     339968   757759  417792  204M Linux filesystem
/dev/sdb3     757760  1232895  475136  232M Linux filesystem
/dev/sdb4    1232896  1513471  280576  137M Linux filesystem
/dev/sdb5    1513472  1853439  339968  166M Linux filesystem
/dev/sdb6    1853440  2363391  509952  249M Linux filesystem
/dev/sdb7    2363392  2766847  403456  197M Linux filesystem
/dev/sdb8    2766848  2971647  204800  100M Linux filesystem
/dev/sdb9    2971648  3317759  346112  169M Linux filesystem
/dev/sdb10   3317760  3461119  143360   70M Linux filesystem
/dev/sdb11   3461120  3940351  479232  234M Linux filesystem
/dev/sdb12   3940352  4102143  161792   79M Linux filesystem
/dev/sdb13   4102144  4239359  137216   67M Linux filesystem
/dev/sdb14   4239360  4694015  454656  222M Linux filesystem
/dev/sdb15   4694016  5171199  477184  233M Linux filesystem
/dev/sdb16   5171200  5470207  299008  146M Linux filesystem
/dev/sdb17   5470208  5832703  362496  177M Linux filesystem
/dev/sdb18   5832704  6193151  360448  176M Linux filesystem
/dev/sdb19   6193152  6449151  256000  125M Linux filesystem
/dev/sdb20   6449152  6748159  299008  146M Linux filesystem
/dev/sdb21   6748160  6875135  126976   62M Linux filesystem
/dev/sdb22   6875136  7086079  210944  103M Linux filesystem
/dev/sdb23   7086080  7587839  501760  245M Linux filesystem
/dev/sdb24   7587840  7706623  118784   58M Linux filesystem
/dev/sdb25   7706624  7901183  194560   95M Linux filesystem
/dev/sdb26   7901184  8251391  350208  171M Linux filesystem
/dev/sdb27   8251392  8626175  374784  183M Linux filesystem
/dev/sdb28   8626176  9005055  378880  185M Linux filesystem
/dev/sdb29   9005056  9132031  126976   62M Linux filesystem
/dev/sdb30   9132032  9283583  151552   74M Linux filesystem
/dev/sdb31   9283584  9533439  249856  122M Linux filesystem
/dev/sdb32   9533440  9920511  387072  189M Linux filesystem
/dev/sdb33   9920512 10166271  245760  120M Linux filesystem
/dev/sdb34  10166272 10604543  438272  214M Linux filesystem
/dev/sdb35  10604544 10868735  264192  129M Linux filesystem
/dev/sdb36  10868736 11091967  223232  109M Linux filesystem
/dev/sdb37  11091968 11493375  401408  196M Linux filesystem
/dev/sdb38  11493376 11921407  428032  209M Linux filesystem
/dev/sdb39  11921408 12044287  122880   60M Linux filesystem
/dev/sdb40  12044288 12378111  333824  163M Linux filesystem
/dev/sdb41  12378112 12619775  241664  118M Linux filesystem
/dev/sdb42  12619776 12929023  309248  151M Linux filesystem
/dev/sdb43  12929024 13152255  223232  109M Linux filesystem
/dev/sdb44  13152256 13455359  303104  148M Linux filesystem
/dev/sdb45  13455360 13567999  112640   55M Linux filesystem
/dev/sdb46  13568000 13778943  210944  103M Linux filesystem
/dev/sdb47  13778944 14170111  391168  191M Linux filesystem
/dev/sdb48  14170112 14325759  155648   76M Linux filesystem
/dev/sdb49  14325760 14727167  401408  196M Linux filesystem
/dev/sdb50  14727168 14981119  253952  124M Linux filesystem
/dev/sdb51  14981120 15419391  438272  214M Linux filesystem
/dev/sdb52  15419392 15769599  350208  171M Linux filesystem
/dev/sdb53  15769600 16195583  425984  208M Linux filesystem
/dev/sdb54  16195584 16310271  114688   56M Linux filesystem
/dev/sdb55  16310272 16678911  368640  180M Linux filesystem
/dev/sdb56  16678912 16977919  299008  146M Linux filesystem
/dev/sdb57  16977920 17268735  290816  142M Linux filesystem
/dev/sdb58  17268736 17745919  477184  233M Linux filesystem
/dev/sdb59  17745920 18147327  401408  196M Linux filesystem
/dev/sdb60  18147328 18364415  217088  106M Linux filesystem
/dev/sdb61  18364416 18866175  501760  245M Linux filesystem
/dev/sdb62  18866176 19171327  305152  149M Linux filesystem
/dev/sdb63  19171328 19415039  243712  119M Linux filesystem
/dev/sdb64  19415040 19591167  176128   86M Linux filesystem
/dev/sdb65  19591168 19945471  354304  173M Linux filesystem
/dev/sdb66  19945472 20297727  352256  172M Linux filesystem
/dev/sdb67  20297728 20512767  215040  105M Linux filesystem
/dev/sdb68  20512768 20652031  139264   68M Linux filesystem
/dev/sdb69  20652032 21059583  407552  199M Linux filesystem
/dev/sdb70  21059584 21221375  161792   79M Linux filesystem
/dev/sdb71  21221376 21487615  266240  130M Linux filesystem
/dev/sdb72  21487616 21661695  174080   85M Linux filesystem
/dev/sdb73  21661696 22112255  450560  220M Linux filesystem
/dev/sdb74  22112256 22390783  278528  136M Linux filesystem
/dev/sdb75  22390784 22523903  133120   65M Linux filesystem
/dev/sdb76  22523904 23003135  479232  234M Linux filesystem
/dev/sdb77  23003136 23498751  495616  242M Linux filesystem
/dev/sdb78  23498752 23752703  253952  124M Linux filesystem
/dev/sdb79  23752704 24197119  444416  217M Linux filesystem
/dev/sdb80  24197120 24651775  454656  222M Linux filesystem
/dev/sdb81  24651776 24926207  274432  134M Linux filesystem
/dev/sdb82  24926208 25262079  335872  164M Linux filesystem
/dev/sdb83  25262080 25653247  391168  191M Linux filesystem
/dev/sdb84  25653248 26097663  444416  217M Linux filesystem
/dev/sdb85  26097664 26466303  368640  180M Linux filesystem
/dev/sdb86  26466304 26804223  337920  165M Linux filesystem
/dev/sdb87  26804224 27013119  208896  102M Linux filesystem
/dev/sdb88  27013120 27250687  237568  116M Linux filesystem
/dev/sdb89  27250688 27715583  464896  227M Linux filesystem
/dev/sdb90  27715584 27924479  208896  102M Linux filesystem
/dev/sdb91  27924480 28297215  372736  182M Linux filesystem
/dev/sdb92  28297216 28641279  344064  168M Linux filesystem
/dev/sdb93  28641280 28751871  110592   54M Linux filesystem
/dev/sdb94  28751872 28866559  114688   56M Linux filesystem
/dev/sdb95  28866560 29315071  448512  219M Linux filesystem
/dev/sdb96  29315072 29689855  374784  183M Linux filesystem
/dev/sdb97  29689856 30025727  335872  164M Linux filesystem
/dev/sdb98  30025728 30220287  194560   95M Linux filesystem
/dev/sdb99  30220288 30377983  157696   77M Linux filesystem
/dev/sdb100 30377984 30881791  503808  246M Linux filesystem
/dev/sdb101 30881792 31283199  401408  196M Linux filesystem
/dev/sdb102 31283200 31739903  456704  223M Linux filesystem
/dev/sdb103 31739904 31842303  102400   50M Linux filesystem
/dev/sdb104 31842304 32305151  462848  226M Linux filesystem
/dev/sdb105 32305152 32780287  475136  232M Linux filesystem
/dev/sdb106 32780288 33095679  315392  154M Linux filesystem
/dev/sdb107 33095680 33302527  206848  101M Linux filesystem
/dev/sdb108 33302528 33464319  161792   79M Linux filesystem
/dev/sdb109 33464320 33791999  327680  160M Linux filesystem
/dev/sdb110 33792000 34076671  284672  139M Linux filesystem
/dev/sdb111 34076672 34568191  491520  240M Linux filesystem
/dev/sdb112 34568192 34940927  372736  182M Linux filesystem
/dev/sdb113 34940928 35270655  329728  161M Linux filesystem
/dev/sdb114 35270656 35473407  202752   99M Linux filesystem
/dev/sdb115 35473408 35649535  176128   86M Linux filesystem
/dev/sdb116 35649536 35952639  303104  148M Linux filesystem
/dev/sdb117 35952640 36329471  376832  184M Linux filesystem
/dev/sdb118 36329472 36626431  296960  145M Linux filesystem
/dev/sdb119 36626432 37115903  489472  239M Linux filesystem
/dev/sdb120 37115904 37539839  423936  207M Linux filesystem
/dev/sdb121 37539840 37961727  421888  206M Linux filesystem
/dev/sdb122 37961728 38395903  434176  212M Linux filesystem
/dev/sdb123 38395904 38723583  327680  160M Linux filesystem
/dev/sdb124 38723584 39075839  352256  172M Linux filesystem
/dev/sdb125 39075840 39469055  393216  192M Linux filesystem
/dev/sdb126 39469056 39657471  188416   92M Linux filesystem
/dev/sdb127 39657472 40077311  419840  205M Linux filesystem
/dev/sdb128 40077312 40374271  296960  145M Linux filesystem
